// Jest Snapshot v1, https://goo.gl/fbAQLP

exports[`utility consistently exports 1`] = `"OneServiceWorkerError :: function errorFactory :: function notEnabled :: function notSupported :: function failedToInstall :: function failure :: function TYPES :: object ENUMS :: object expectedType :: function expectedArrayOfType :: function enumerableException :: function unknownKey :: function unknownEventName :: function validateInput :: function getCacheOptions :: function configure :: function getConfig :: function isDevelopment :: function isEventsEnabled :: function isNonStandardEnabled :: function isNavigationPreloadEnabled :: function isServiceWorker :: function isServiceWorkerSupported :: function isNotificationSupported :: function isPushSupported :: function isBackgroundSyncSupported :: function isCacheStorageSupported :: function isIndexedDBSupported :: function isPermissionsSupported :: function isOffline :: function on :: function once :: function off :: function emit :: function emitter :: function eventListeners :: object calls :: object createMiddleware :: function createMiddlewareContext :: function createMiddlewareFactory :: function"`;
