// Jest Snapshot v1, https://goo.gl/fbAQLP

exports[`cache consistently exports 1`] = `
"cachePrefix :: string
cacheDelimiter :: string
defaultCacheName :: string
defaultCacheOptions :: object
createCacheName :: function
normalizeRequest :: function
open :: function
has :: function
keys :: function
match :: function
matchAll :: function
add :: function
addAll :: function
put :: function
remove :: function
removeAll :: function
entries :: function
clear :: function
metaDataCacheName :: string
createMetaCacheName :: function
createMetaCacheEntryName :: function
createMetaRequest :: function
createMetaResponse :: function
getMetaStore :: function
getMetaData :: function
setMetaData :: function
deleteMetaData :: function
createCacheEntryName :: function"
`;
