// Jest Snapshot v1, https://goo.gl/fbAQLP

exports[`subscription applicationServerKeyToBase64Array transforms vapid public key to an array of char codes 1`] = `"[66,69,102,78,65,110,68,118,98,70,111,67,69,49,99,50,110,116,107,117,117,50,47,76,54,75,106,81,114,57,87,98,68,51,75,89,107,113,56,65,73,80,107,100,66,97,70,103,117,89,120,54,120,103,76,56,52,53,67,106,73,56,70,52,80,98,101,106,119,120,74,43,102,72,120,102,114,85,99,76,77,89,108,67,81,90,107,61]"`;
